// Jest Snapshot v1, https://goo.gl/fbAQLP

exports[`App example snapshot test on - ios 1`] = `
<View
  style={
    Object {
      "alignItems": "center",
      "backgroundColor": "#fff",
      "flex": 1,
      "justifyContent": "center",
      "margin": 3,
    }
  }
>
  <View
    style={
      Array [
        Object {
          "width": "90%",
        },
        Object {
          "marginBottom": 10,
        },
      ]
    }
  >
    <Text
      accessible={true}
      allowFontScaling={true}
      ellipsizeMode="tail"
      style={
        Array [
          Object {
            "color": "#86939e",
            "fontSize": 16,
            "fontWeight": "bold",
          },
          undefined,
        ]
      }
    >
      Owner
    </Text>
    <View
      style={
        Object {
          "alignItems": "center",
          "borderBottomWidth": 1,
          "borderColor": "#86939e",
          "flexDirection": "row",
          "transform": Array [
            Object {
              "translateX": 0,
            },
          ],
        }
      }
    >
      <TextInput
        allowFontScaling={true}
        onChangeText={[Function]}
        placeholder="Github's owner"
        style={
          Array [
            Object {
              "alignSelf": "center",
              "color": "black",
              "flex": 1,
              "fontSize": 18,
              "height": 40,
              "marginLeft": 10,
            },
            Object {
              "height": 46,
            },
          ]
        }
        underlineColorAndroid="transparent"
        value="haruelrovix"
      />
    </View>
  </View>
  <View
    style={
      Array [
        Object {
          "width": "90%",
        },
        Object {
          "marginBottom": 10,
        },
      ]
    }
  >
    <Text
      accessible={true}
      allowFontScaling={true}
      ellipsizeMode="tail"
      style={
        Array [
          Object {
            "color": "#86939e",
            "fontSize": 16,
            "fontWeight": "bold",
          },
          undefined,
        ]
      }
    >
      Repo
    </Text>
    <View
      style={
        Object {
          "alignItems": "center",
          "borderBottomWidth": 1,
          "borderColor": "#86939e",
          "flexDirection": "row",
          "transform": Array [
            Object {
              "translateX": 0,
            },
          ],
        }
      }
    >
      <TextInput
        allowFontScaling={true}
        onChangeText={[Function]}
        placeholder="Github's repository name"
        style={
          Array [
            Object {
              "alignSelf": "center",
              "color": "black",
              "flex": 1,
              "fontSize": 18,
              "height": 40,
              "marginLeft": 10,
            },
            Object {
              "height": 46,
            },
          ]
        }
        underlineColorAndroid="transparent"
        value="apollo-gql-helferjs"
      />
    </View>
  </View>
  <View
    style={
      Array [
        Object {
          "marginTop": 10,
        },
        false,
      ]
    }
  >
    <View
      accessible={true}
      isTVSelectable={true}
      onResponderGrant={[Function]}
      onResponderMove={[Function]}
      onResponderRelease={[Function]}
      onResponderTerminate={[Function]}
      onResponderTerminationRequest={[Function]}
      onStartShouldSetResponder={[Function]}
      style={
        Object {
          "opacity": 1,
        }
      }
    >
      <View
        style={
          Array [
            Object {
              "alignItems": "center",
              "backgroundColor": "#2089dc",
              "borderRadius": 3,
              "flexDirection": "row",
              "justifyContent": "center",
            },
            Object {
              "width": 200,
            },
            false,
            false,
            false,
            undefined,
          ]
        }
      >
        <Text
          accessible={true}
          allowFontScaling={true}
          ellipsizeMode="tail"
          style={
            Array [
              Object {
                "backgroundColor": "transparent",
                "color": "white",
                "fontSize": 18,
                "padding": 8,
                "textAlign": "center",
              },
              undefined,
              false,
              false,
            ]
          }
        >
          SUBMIT
        </Text>
        <Text
          accessible={true}
          allowFontScaling={false}
          ellipsizeMode="tail"
          style={
            Array [
              Object {
                "color": "white",
                "fontSize": 15,
              },
              undefined,
              Object {
                "fontFamily": "FontAwesome",
                "fontStyle": "normal",
                "fontWeight": "normal",
              },
              Object {},
            ]
          }
        >
          ï‡˜
        </Text>
      </View>
    </View>
  </View>
</View>
`;

exports[`App example snapshot test on - web 1`] = `
<div
  style={
    Object {
      "WebkitAlignItems": "center",
      "WebkitBoxAlign": "center",
      "WebkitBoxDirection": "normal",
      "WebkitBoxFlex": 1,
      "WebkitBoxOrient": "vertical",
      "WebkitBoxPack": "center",
      "WebkitFlexBasis": "0%",
      "WebkitFlexDirection": "column",
      "WebkitFlexGrow": 1,
      "WebkitFlexShrink": 1,
      "WebkitJustifyContent": "center",
      "alignItems": "center",
      "backgroundColor": "rgba(255,255,255,1.00)",
      "borderBottomStyle": "solid",
      "borderBottomWidth": "0px",
      "borderLeftStyle": "solid",
      "borderLeftWidth": "0px",
      "borderRightStyle": "solid",
      "borderRightWidth": "0px",
      "borderTopStyle": "solid",
      "borderTopWidth": "0px",
      "boxSizing": "border-box",
      "display": "flex",
      "flexBasis": "0%",
      "flexDirection": "column",
      "flexGrow": 1,
      "flexShrink": 1,
      "justifyContent": "center",
      "marginBottom": "3px",
      "marginLeft": "3px",
      "marginRight": "3px",
      "marginTop": "3px",
      "minHeight": "0px",
      "minWidth": "0px",
      "msFlexAlign": "center",
      "msFlexDirection": "column",
      "msFlexNegative": 1,
      "msFlexPack": "center",
      "msFlexPositive": 1,
      "msFlexPreferredSize": "0%",
      "paddingBottom": "0px",
      "paddingLeft": "0px",
      "paddingRight": "0px",
      "paddingTop": "0px",
      "position": "relative",
      "zIndex": 0,
    }
  }
>
  <div
    style={
      Object {
        "WebkitAlignItems": "stretch",
        "WebkitBoxAlign": "stretch",
        "WebkitBoxDirection": "normal",
        "WebkitBoxOrient": "vertical",
        "WebkitFlexBasis": "auto",
        "WebkitFlexDirection": "column",
        "WebkitFlexShrink": 0,
        "alignItems": "stretch",
        "borderBottomStyle": "solid",
        "borderBottomWidth": "0px",
        "borderLeftStyle": "solid",
        "borderLeftWidth": "0px",
        "borderRightStyle": "solid",
        "borderRightWidth": "0px",
        "borderTopStyle": "solid",
        "borderTopWidth": "0px",
        "boxSizing": "border-box",
        "display": "flex",
        "flexBasis": "auto",
        "flexDirection": "column",
        "flexShrink": 0,
        "marginBottom": "10px",
        "marginLeft": "0px",
        "marginRight": "0px",
        "marginTop": "0px",
        "minHeight": "0px",
        "minWidth": "0px",
        "msFlexAlign": "stretch",
        "msFlexDirection": "column",
        "msFlexNegative": 0,
        "msFlexPreferredSize": "auto",
        "paddingBottom": "0px",
        "paddingLeft": "0px",
        "paddingRight": "0px",
        "paddingTop": "0px",
        "position": "relative",
        "width": "90%",
        "zIndex": 0,
      }
    }
  >
    <div
      dir="auto"
      style={
        Object {
          "borderBottomWidth": "0px",
          "borderLeftWidth": "0px",
          "borderRightWidth": "0px",
          "borderTopWidth": "0px",
          "boxSizing": "border-box",
          "color": "rgba(134,147,158,1.00)",
          "display": "inline",
          "fontFamily": "system-ui, -apple-system, BlinkMacSystemFont, \\"Segoe UI\\", Roboto, Ubuntu, \\"Helvetica Neue\\", sans-serif",
          "fontSize": "16px",
          "fontStyle": "inherit",
          "fontVariant": "inherit",
          "fontWeight": "inherit",
          "lineHeight": "inherit",
          "marginBottom": "0px",
          "marginLeft": "0px",
          "marginRight": "0px",
          "marginTop": "0px",
          "paddingBottom": "0px",
          "paddingLeft": "0px",
          "paddingRight": "0px",
          "paddingTop": "0px",
          "textDecoration": "none",
          "whiteSpace": "pre-wrap",
          "wordWrap": "break-word",
        }
      }
    >
      Owner
    </div>
    <div
      style={
        Object {
          "WebkitAlignItems": "center",
          "WebkitBoxAlign": "center",
          "WebkitBoxDirection": "normal",
          "WebkitBoxOrient": "horizontal",
          "WebkitFlexBasis": "auto",
          "WebkitFlexDirection": "row",
          "WebkitFlexShrink": 0,
          "WebkitTransform": "translateX(0px)",
          "alignItems": "center",
          "borderBottomColor": "rgba(134,147,158,1.00)",
          "borderBottomStyle": "solid",
          "borderBottomWidth": "1px",
          "borderLeftColor": "rgba(134,147,158,1.00)",
          "borderLeftStyle": "solid",
          "borderLeftWidth": "0px",
          "borderRightColor": "rgba(134,147,158,1.00)",
          "borderRightStyle": "solid",
          "borderRightWidth": "0px",
          "borderTopColor": "rgba(134,147,158,1.00)",
          "borderTopStyle": "solid",
          "borderTopWidth": "0px",
          "boxSizing": "border-box",
          "display": "flex",
          "flexBasis": "auto",
          "flexDirection": "row",
          "flexShrink": 0,
          "marginBottom": "0px",
          "marginLeft": "0px",
          "marginRight": "0px",
          "marginTop": "0px",
          "minHeight": "0px",
          "minWidth": "0px",
          "msFlexAlign": "center",
          "msFlexDirection": "row",
          "msFlexNegative": 0,
          "msFlexPreferredSize": "auto",
          "paddingBottom": "0px",
          "paddingLeft": "0px",
          "paddingRight": "0px",
          "paddingTop": "0px",
          "position": "relative",
          "transform": "translateX(0px)",
          "zIndex": 0,
        }
      }
    >
      <input
        autoCapitalize="sentences"
        autoComplete="on"
        autoCorrect="on"
        data-focusable={true}
        dir="auto"
        onBlur={[Function]}
        onChange={[Function]}
        onFocus={[Function]}
        onKeyDown={[Function]}
        onKeyPress={[Function]}
        onSelect={[Function]}
        placeholder="Github's owner"
        readOnly={false}
        spellCheck={true}
        style={
          Object {
            "MozAppearance": "textfield",
            "WebkitAlignSelf": "center",
            "WebkitAppearance": "none",
            "WebkitBoxFlex": 1,
            "WebkitFlexBasis": "0%",
            "WebkitFlexGrow": 1,
            "WebkitFlexShrink": 1,
            "alignSelf": "center",
            "backgroundColor": "rgba(0,0,0,0.00)",
            "borderBottomColor": "rgba(0,0,0,1.00)",
            "borderBottomLeftRadius": "0px",
            "borderBottomRightRadius": "0px",
            "borderBottomStyle": "solid",
            "borderBottomWidth": "0px",
            "borderLeftColor": "rgba(0,0,0,1.00)",
            "borderLeftStyle": "solid",
            "borderLeftWidth": "0px",
            "borderRightColor": "rgba(0,0,0,1.00)",
            "borderRightStyle": "solid",
            "borderRightWidth": "0px",
            "borderTopColor": "rgba(0,0,0,1.00)",
            "borderTopLeftRadius": "0px",
            "borderTopRightRadius": "0px",
            "borderTopStyle": "solid",
            "borderTopWidth": "0px",
            "boxSizing": "border-box",
            "color": "rgba(0,0,0,1.00)",
            "flexBasis": "0%",
            "flexGrow": 1,
            "flexShrink": 1,
            "fontFamily": "system-ui, -apple-system, BlinkMacSystemFont, \\"Segoe UI\\", Roboto, Ubuntu, \\"Helvetica Neue\\", sans-serif",
            "fontSize": "18px",
            "height": "46px",
            "marginLeft": "10px",
            "msFlexItemAlign": "center",
            "msFlexNegative": 1,
            "msFlexPositive": 1,
            "msFlexPreferredSize": "0%",
            "paddingBottom": "0px",
            "paddingLeft": "0px",
            "paddingRight": "0px",
            "paddingTop": "0px",
            "resize": "none",
          }
        }
        type="text"
        value="haruelrovix"
      />
    </div>
  </div>
  <div
    style={
      Object {
        "WebkitAlignItems": "stretch",
        "WebkitBoxAlign": "stretch",
        "WebkitBoxDirection": "normal",
        "WebkitBoxOrient": "vertical",
        "WebkitFlexBasis": "auto",
        "WebkitFlexDirection": "column",
        "WebkitFlexShrink": 0,
        "alignItems": "stretch",
        "borderBottomStyle": "solid",
        "borderBottomWidth": "0px",
        "borderLeftStyle": "solid",
        "borderLeftWidth": "0px",
        "borderRightStyle": "solid",
        "borderRightWidth": "0px",
        "borderTopStyle": "solid",
        "borderTopWidth": "0px",
        "boxSizing": "border-box",
        "display": "flex",
        "flexBasis": "auto",
        "flexDirection": "column",
        "flexShrink": 0,
        "marginBottom": "10px",
        "marginLeft": "0px",
        "marginRight": "0px",
        "marginTop": "0px",
        "minHeight": "0px",
        "minWidth": "0px",
        "msFlexAlign": "stretch",
        "msFlexDirection": "column",
        "msFlexNegative": 0,
        "msFlexPreferredSize": "auto",
        "paddingBottom": "0px",
        "paddingLeft": "0px",
        "paddingRight": "0px",
        "paddingTop": "0px",
        "position": "relative",
        "width": "90%",
        "zIndex": 0,
      }
    }
  >
    <div
      dir="auto"
      style={
        Object {
          "borderBottomWidth": "0px",
          "borderLeftWidth": "0px",
          "borderRightWidth": "0px",
          "borderTopWidth": "0px",
          "boxSizing": "border-box",
          "color": "rgba(134,147,158,1.00)",
          "display": "inline",
          "fontFamily": "system-ui, -apple-system, BlinkMacSystemFont, \\"Segoe UI\\", Roboto, Ubuntu, \\"Helvetica Neue\\", sans-serif",
          "fontSize": "16px",
          "fontStyle": "inherit",
          "fontVariant": "inherit",
          "fontWeight": "inherit",
          "lineHeight": "inherit",
          "marginBottom": "0px",
          "marginLeft": "0px",
          "marginRight": "0px",
          "marginTop": "0px",
          "paddingBottom": "0px",
          "paddingLeft": "0px",
          "paddingRight": "0px",
          "paddingTop": "0px",
          "textDecoration": "none",
          "whiteSpace": "pre-wrap",
          "wordWrap": "break-word",
        }
      }
    >
      Repo
    </div>
    <div
      style={
        Object {
          "WebkitAlignItems": "center",
          "WebkitBoxAlign": "center",
          "WebkitBoxDirection": "normal",
          "WebkitBoxOrient": "horizontal",
          "WebkitFlexBasis": "auto",
          "WebkitFlexDirection": "row",
          "WebkitFlexShrink": 0,
          "WebkitTransform": "translateX(0px)",
          "alignItems": "center",
          "borderBottomColor": "rgba(134,147,158,1.00)",
          "borderBottomStyle": "solid",
          "borderBottomWidth": "1px",
          "borderLeftColor": "rgba(134,147,158,1.00)",
          "borderLeftStyle": "solid",
          "borderLeftWidth": "0px",
          "borderRightColor": "rgba(134,147,158,1.00)",
          "borderRightStyle": "solid",
          "borderRightWidth": "0px",
          "borderTopColor": "rgba(134,147,158,1.00)",
          "borderTopStyle": "solid",
          "borderTopWidth": "0px",
          "boxSizing": "border-box",
          "display": "flex",
          "flexBasis": "auto",
          "flexDirection": "row",
          "flexShrink": 0,
          "marginBottom": "0px",
          "marginLeft": "0px",
          "marginRight": "0px",
          "marginTop": "0px",
          "minHeight": "0px",
          "minWidth": "0px",
          "msFlexAlign": "center",
          "msFlexDirection": "row",
          "msFlexNegative": 0,
          "msFlexPreferredSize": "auto",
          "paddingBottom": "0px",
          "paddingLeft": "0px",
          "paddingRight": "0px",
          "paddingTop": "0px",
          "position": "relative",
          "transform": "translateX(0px)",
          "zIndex": 0,
        }
      }
    >
      <input
        autoCapitalize="sentences"
        autoComplete="on"
        autoCorrect="on"
        data-focusable={true}
        dir="auto"
        onBlur={[Function]}
        onChange={[Function]}
        onFocus={[Function]}
        onKeyDown={[Function]}
        onKeyPress={[Function]}
        onSelect={[Function]}
        placeholder="Github's repository name"
        readOnly={false}
        spellCheck={true}
        style={
          Object {
            "MozAppearance": "textfield",
            "WebkitAlignSelf": "center",
            "WebkitAppearance": "none",
            "WebkitBoxFlex": 1,
            "WebkitFlexBasis": "0%",
            "WebkitFlexGrow": 1,
            "WebkitFlexShrink": 1,
            "alignSelf": "center",
            "backgroundColor": "rgba(0,0,0,0.00)",
            "borderBottomColor": "rgba(0,0,0,1.00)",
            "borderBottomLeftRadius": "0px",
            "borderBottomRightRadius": "0px",
            "borderBottomStyle": "solid",
            "borderBottomWidth": "0px",
            "borderLeftColor": "rgba(0,0,0,1.00)",
            "borderLeftStyle": "solid",
            "borderLeftWidth": "0px",
            "borderRightColor": "rgba(0,0,0,1.00)",
            "borderRightStyle": "solid",
            "borderRightWidth": "0px",
            "borderTopColor": "rgba(0,0,0,1.00)",
            "borderTopLeftRadius": "0px",
            "borderTopRightRadius": "0px",
            "borderTopStyle": "solid",
            "borderTopWidth": "0px",
            "boxSizing": "border-box",
            "color": "rgba(0,0,0,1.00)",
            "flexBasis": "0%",
            "flexGrow": 1,
            "flexShrink": 1,
            "fontFamily": "system-ui, -apple-system, BlinkMacSystemFont, \\"Segoe UI\\", Roboto, Ubuntu, \\"Helvetica Neue\\", sans-serif",
            "fontSize": "18px",
            "height": "46px",
            "marginLeft": "10px",
            "msFlexItemAlign": "center",
            "msFlexNegative": 1,
            "msFlexPositive": 1,
            "msFlexPreferredSize": "0%",
            "paddingBottom": "0px",
            "paddingLeft": "0px",
            "paddingRight": "0px",
            "paddingTop": "0px",
            "resize": "none",
          }
        }
        type="text"
        value="apollo-gql-helferjs"
      />
    </div>
  </div>
  <div
    data-focusable={true}
    onKeyDown={[Function]}
    onKeyUp={[Function]}
    onResponderGrant={[Function]}
    onResponderMove={[Function]}
    onResponderRelease={[Function]}
    onResponderTerminate={[Function]}
    onResponderTerminationRequest={[Function]}
    onStartShouldSetResponder={[Function]}
    style={
      Object {
        "MozTransitionProperty": "opacity",
        "MozUserSelect": "none",
        "WebkitAlignItems": "center",
        "WebkitBoxAlign": "center",
        "WebkitBoxDirection": "normal",
        "WebkitBoxOrient": "horizontal",
        "WebkitBoxPack": "center",
        "WebkitFlexBasis": "auto",
        "WebkitFlexDirection": "row",
        "WebkitFlexShrink": 0,
        "WebkitJustifyContent": "center",
        "WebkitTransitionDuration": "0.15s",
        "WebkitTransitionProperty": "opacity",
        "WebkitUserSelect": "none",
        "alignItems": "center",
        "backgroundColor": "rgba(32,137,220,1.00)",
        "borderBottomLeftRadius": "3px",
        "borderBottomRightRadius": "3px",
        "borderBottomStyle": "solid",
        "borderBottomWidth": "0px",
        "borderLeftStyle": "solid",
        "borderLeftWidth": "0px",
        "borderRightStyle": "solid",
        "borderRightWidth": "0px",
        "borderTopLeftRadius": "3px",
        "borderTopRightRadius": "3px",
        "borderTopStyle": "solid",
        "borderTopWidth": "0px",
        "boxSizing": "border-box",
        "cursor": "pointer",
        "display": "flex",
        "flexBasis": "auto",
        "flexDirection": "row",
        "flexShrink": 0,
        "height": "37px",
        "justifyContent": "center",
        "marginBottom": "0px",
        "marginLeft": "0px",
        "marginRight": "0px",
        "marginTop": "0px",
        "minHeight": "0px",
        "minWidth": "0px",
        "msFlexAlign": "center",
        "msFlexDirection": "row",
        "msFlexNegative": 0,
        "msFlexPack": "center",
        "msFlexPreferredSize": "auto",
        "msTouchAction": "manipulation",
        "msUserSelect": "none",
        "paddingBottom": "0px",
        "paddingLeft": "0px",
        "paddingRight": "0px",
        "paddingTop": "0px",
        "position": "relative",
        "touchAction": "manipulation",
        "transitionDuration": "0.15s",
        "transitionProperty": "opacity",
        "userSelect": "none",
        "width": "200px",
        "zIndex": 0,
      }
    }
    tabIndex="0"
  >
    <div
      dir="auto"
      style={
        Object {
          "borderBottomWidth": "0px",
          "borderLeftWidth": "0px",
          "borderRightWidth": "0px",
          "borderTopWidth": "0px",
          "boxSizing": "border-box",
          "color": "rgba(255,255,255,1.00)",
          "display": "inline",
          "fontFamily": "system-ui, -apple-system, BlinkMacSystemFont, \\"Segoe UI\\", Roboto, Ubuntu, \\"Helvetica Neue\\", sans-serif",
          "fontSize": "16px",
          "fontStyle": "inherit",
          "fontVariant": "inherit",
          "fontWeight": "inherit",
          "lineHeight": "inherit",
          "marginBottom": "0px",
          "marginLeft": "0px",
          "marginRight": "0px",
          "marginTop": "0px",
          "paddingBottom": "8px",
          "paddingLeft": "8px",
          "paddingRight": "8px",
          "paddingTop": "8px",
          "textDecoration": "none",
          "whiteSpace": "pre-wrap",
          "wordWrap": "break-word",
        }
      }
    >
      SUBMIT
    </div>
    <div
      dir="auto"
      style={
        Object {
          "borderBottomWidth": "0px",
          "borderLeftWidth": "0px",
          "borderRightWidth": "0px",
          "borderTopWidth": "0px",
          "boxSizing": "border-box",
          "color": "rgba(255,255,255,1.00)",
          "display": "inline",
          "fontFamily": "FontAwesome",
          "fontSize": "15px",
          "fontStyle": "normal",
          "fontVariant": "inherit",
          "fontWeight": "normal",
          "lineHeight": "inherit",
          "marginBottom": "0px",
          "marginLeft": "0px",
          "marginRight": "0px",
          "marginTop": "0px",
          "paddingBottom": "0px",
          "paddingLeft": "0px",
          "paddingRight": "0px",
          "paddingTop": "0px",
          "textDecoration": "none",
          "whiteSpace": "pre-wrap",
          "wordWrap": "break-word",
        }
      }
    >
      ï‡˜
    </div>
  </div>
</div>
`;
